
> @llmchat/backend@1.0.0 test F:\ss\aa\sssss\llmchat\backend
> jest --runInBand

node.exe : FAIL src/test/memory-optimization.test.ts (36.419 s)
At C:\Users\wss\AppData\Roaming\npm\pnpm.ps1:24 char:5
+     & "node$exe"  "$basedir/node_modules/pnpm/bin/pnpm.cjs" $args
+     ~~~~~~~~~~~~~~~~~~~~~~~~~~~~~~~~~~~~~~~~~~~~~~~~~~~~~~~~~~~~~
    + CategoryInfo          : NotSpecified: (FAIL src/test/m...t.ts (36.419 s) 
   :String) [], RemoteException
    + FullyQualifiedErrorId : NativeCommandError
 
  ● MemoryOptimizationService › 基本功能测试 › 应该能够更新配置

    expect(received).toBe(expected) // Object.is equality

    Expected: true
    Received: undefined

    [0m [90m 101 |[39m       [36mconst[39m result [33m=[39m memoryOptimi
zationService[33m.[39mupdateConfig(newConfig)[33m;[39m
     [90m 102 |[39m
    [31m[1m>[22m[39m[90m 103 |[39m       expect(result)[33m.[39mtoBe([
36mtrue[39m)[33m;[39m
     [90m     |[39m                      [31m[1m^[22m[39m
     [90m 104 |[39m
     [90m 105 |[39m       [36mconst[39m updatedConfig [33m=[39m memoryOpt
imizationService[33m.[39mgetConfig()[33m;[39m
     [90m 106 |[39m       expect(updatedConfig[33m.[39mautoOptimizationEnab
led)[33m.[39mtoBe([36mtrue[39m)[33m;[39m[0m

      at Object.<anonymous> (src/test/memory-optimization.test.ts:103:22)

  ● MemoryOptimizationService › 内存优化测试 › 应该能够执行激进优化

    expect(received).toContain(expected) // indexOf

    Expected value: "Garbage collection"
    Received array: ["Cleaned 0.002 expired items", "Aggressive optimization: f
reed 1.5MB"]

    [0m [90m 137 |[39m
     [90m 138 |[39m       expect(result[33m.[39mmethod)[33m.[39mtoBe([32
m'aggressive'[39m)[33m;[39m
    [31m[1m>[22m[39m[90m 139 |[39m       expect(result[33m.[39moptimiza
tions)[33m.[39mtoContain([32m'Garbage collection'[39m)[33m;[39m
     [90m     |[39m                                    [31m[1m^[22m[39m
     [90m 140 |[39m     })[33m;[39m
     [90m 141 |[39m
     [90m 142 |[39m     test([32m'应该能够处理优化失败情况'[39m[33m,[39m [36masync[
39m () [33m=>[39m {[0m

      at Object.<anonymous> (src/test/memory-optimization.test.ts:139:36)

  ● MemoryOptimizationService › 事件监听测试 › 应该能够监听内存告警事件

    thrown: "Exceeded timeout of 30000 ms for a test while waiting for `done()`
 to be called.
    Add a timeout value to this test to increase the timeout, if this is a long
-running test. See https://jestjs.io/docs/api#testname-fn-timeout."

    [0m [90m 172 |[39m     })[33m;[39m
     [90m 173 |[39m
    [31m[1m>[22m[39m[90m 174 |[39m     test([32m'应该能够监听内存告警事件'[39m[33m
,[39m (done) [33m=>[39m {
     [90m     |[39m     [31m[1m^[22m[39m
     [90m 175 |[39m       [90m// 模拟内存监控器[39m
     [90m 176 |[39m       [36mconst[39m mockMemoryMonitor [33m=[39m [36m
new[39m [33mMemoryMonitor[39m({
     [90m 177 |[39m         heapUsedWarning[33m:[39m [35m1[39m[33m,[39m
 [90m// 设置很低的阈值以触发告警[39m[0m

      at src/test/memory-optimization.test.ts:174:5
      at src/test/memory-optimization.test.ts:161:3
      at Object.<anonymous> (src/test/memory-optimization.test.ts:9:1)

  ● MemoryOptimizationService › 配置验证测试 › 应该验证无效配置

    expect(received).toBe(expected) // Object.is equality

    Expected: true
    Received: undefined

    [0m [90m 278 |[39m
     [90m 279 |[39m       [90m// 配置应该被接受，但可能会在运行时产生问题[39m
    [31m[1m>[22m[39m[90m 280 |[39m       expect(result)[33m.[39mtoBe([
36mtrue[39m)[33m;[39m
     [90m     |[39m                      [31m[1m^[22m[39m
     [90m 281 |[39m
     [90m 282 |[39m       service[33m.[39mshutdown()[33m;[39m
     [90m 283 |[39m     })[33m;[39m[0m

      at Object.<anonymous> (src/test/memory-optimization.test.ts:280:22)

  ● MemoryOptimizationService › 配置验证测试 › 应该处理边界值配置

    expect(received).toBe(expected) // Object.is equality

    Expected: true
    Received: undefined

    [0m [90m 291 |[39m       })[33m;[39m
     [90m 292 |[39m
    [31m[1m>[22m[39m[90m 293 |[39m       expect(result)[33m.[39mtoBe([
36mtrue[39m)[33m;[39m
     [90m     |[39m                      [31m[1m^[22m[39m
     [90m 294 |[39m
     [90m 295 |[39m       service[33m.[39mshutdown()[33m;[39m
     [90m 296 |[39m     })[33m;[39m[0m

      at Object.<anonymous> (src/test/memory-optimization.test.ts:293:22)

FAIL src/__tests__/integration/simpleDbTest.test.ts
  ● Simple Database Integration Tests › Database Connection › should establish 
database connection successfully

    read ECONNRESET

    [0m [90m 52 |[39m
     [90m 53 |[39m       [90m// 测试连接[39m
    [31m[1m>[22m[39m[90m 54 |[39m       [36mconst[39m client [33m=[39
m [36mawait[39m [36mthis[39m[33m.[39mtestPool[33m.[39mconnect()[33m;[
39m
     [90m    |[39m                      [31m[1m^[22m[39m
     [90m 55 |[39m       [36mawait[39m client[33m.[39mquery([32m'SELECT 
NOW()'[39m)[33m;[39m
     [90m 56 |[39m       client[33m.[39mrelease()[33m;[39m
     [90m 57 |[39m[0m

      at ../node_modules/.pnpm/pg-pool@3.10.1_pg@8.16.3/node_modules/pg-pool/in
dex.js:45:11
      at async DatabaseTestEnvironment.initialize (src/__tests__/utils/dbTestUt
ils.ts:54:22)
      at async Object.beforeAll (src/__tests__/utils/dbTestUtils.ts:431:5)
      at async Object.<anonymous> (src/__tests__/integration/simpleDbTest.test.
ts:11:5)

  ● Simple Database Integration Tests › Database Connection › should get databa
se statistics

    read ECONNRESET

    [0m [90m 52 |[39m
     [90m 53 |[39m       [90m// 测试连接[39m
    [31m[1m>[22m[39m[90m 54 |[39m       [36mconst[39m client [33m=[39
m [36mawait[39m [36mthis[39m[33m.[39mtestPool[33m.[39mconnect()[33m;[
39m
     [90m    |[39m                      [31m[1m^[22m[39m
     [90m 55 |[39m       [36mawait[39m client[33m.[39mquery([32m'SELECT 
NOW()'[39m)[33m;[39m
     [90m 56 |[39m       client[33m.[39mrelease()[33m;[39m
     [90m 57 |[39m[0m

      at ../node_modules/.pnpm/pg-pool@3.10.1_pg@8.16.3/node_modules/pg-pool/in
dex.js:45:11
      at async DatabaseTestEnvironment.initialize (src/__tests__/utils/dbTestUt
ils.ts:54:22)
      at async Object.beforeAll (src/__tests__/utils/dbTestUtils.ts:431:5)
      at async Object.<anonymous> (src/__tests__/integration/simpleDbTest.test.
ts:11:5)

  ● Simple Database Integration Tests › Basic Data Operations › should insert a
nd retrieve user data

    read ECONNRESET

    [0m [90m 52 |[39m
     [90m 53 |[39m       [90m// 测试连接[39m
    [31m[1m>[22m[39m[90m 54 |[39m       [36mconst[39m client [33m=[39
m [36mawait[39m [36mthis[39m[33m.[39mtestPool[33m.[39mconnect()[33m;[
39m
     [90m    |[39m                      [31m[1m^[22m[39m
     [90m 55 |[39m       [36mawait[39m client[33m.[39mquery([32m'SELECT 
NOW()'[39m)[33m;[39m
     [90m 56 |[39m       client[33m.[39mrelease()[33m;[39m
     [90m 57 |[39m[0m

      at ../node_modules/.pnpm/pg-pool@3.10.1_pg@8.16.3/node_modules/pg-pool/in
dex.js:45:11
      at async DatabaseTestEnvironment.initialize (src/__tests__/utils/dbTestUt
ils.ts:54:22)
      at async Object.beforeAll (src/__tests__/utils/dbTestUtils.ts:431:5)
      at async Object.<anonymous> (src/__tests__/integration/simpleDbTest.test.
ts:11:5)

  ● Simple Database Integration Tests › Basic Data Operations › should handle t
ransactions correctly

    read ECONNRESET

    [0m [90m 52 |[39m
     [90m 53 |[39m       [90m// 测试连接[39m
    [31m[1m>[22m[39m[90m 54 |[39m       [36mconst[39m client [33m=[39
m [36mawait[39m [36mthis[39m[33m.[39mtestPool[33m.[39mconnect()[33m;[
39m
     [90m    |[39m                      [31m[1m^[22m[39m
     [90m 55 |[39m       [36mawait[39m client[33m.[39mquery([32m'SELECT 
NOW()'[39m)[33m;[39m
     [90m 56 |[39m       client[33m.[39mrelease()[33m;[39m
     [90m 57 |[39m[0m

      at ../node_modules/.pnpm/pg-pool@3.10.1_pg@8.16.3/node_modules/pg-pool/in
dex.js:45:11
      at async DatabaseTestEnvironment.initialize (src/__tests__/utils/dbTestUt
ils.ts:54:22)
      at async Object.beforeAll (src/__tests__/utils/dbTestUtils.ts:431:5)
      at async Object.<anonymous> (src/__tests__/integration/simpleDbTest.test.
ts:11:5)

  ● Simple Database Integration Tests › Basic Data Operations › should handle r
ollback on errors

    read ECONNRESET

    [0m [90m 52 |[39m
     [90m 53 |[39m       [90m// 测试连接[39m
    [31m[1m>[22m[39m[90m 54 |[39m       [36mconst[39m client [33m=[39
m [36mawait[39m [36mthis[39m[33m.[39mtestPool[33m.[39mconnect()[33m;[
39m
     [90m    |[39m                      [31m[1m^[22m[39m
     [90m 55 |[39m       [36mawait[39m client[33m.[39mquery([32m'SELECT 
NOW()'[39m)[33m;[39m
     [90m 56 |[39m       client[33m.[39mrelease()[33m;[39m
     [90m 57 |[39m[0m

      at ../node_modules/.pnpm/pg-pool@3.10.1_pg@8.16.3/node_modules/pg-pool/in
dex.js:45:11
      at async DatabaseTestEnvironment.initialize (src/__tests__/utils/dbTestUt
ils.ts:54:22)
      at async Object.beforeAll (src/__tests__/utils/dbTestUtils.ts:431:5)
      at async Object.<anonymous> (src/__tests__/integration/simpleDbTest.test.
ts:11:5)

  ● Simple Database Integration Tests › Performance Tests › should handle concu
rrent operations

    read ECONNRESET

    [0m [90m 52 |[39m
     [90m 53 |[39m       [90m// 测试连接[39m
    [31m[1m>[22m[39m[90m 54 |[39m       [36mconst[39m client [33m=[39
m [36mawait[39m [36mthis[39m[33m.[39mtestPool[33m.[39mconnect()[33m;[
39m
     [90m    |[39m                      [31m[1m^[22m[39m
     [90m 55 |[39m       [36mawait[39m client[33m.[39mquery([32m'SELECT 
NOW()'[39m)[33m;[39m
     [90m 56 |[39m       client[33m.[39mrelease()[33m;[39m
     [90m 57 |[39m[0m

      at ../node_modules/.pnpm/pg-pool@3.10.1_pg@8.16.3/node_modules/pg-pool/in
dex.js:45:11
      at async DatabaseTestEnvironment.initialize (src/__tests__/utils/dbTestUt
ils.ts:54:22)
      at async Object.beforeAll (src/__tests__/utils/dbTestUtils.ts:431:5)
      at async Object.<anonymous> (src/__tests__/integration/simpleDbTest.test.
ts:11:5)

  ● Simple Database Integration Tests › Performance Tests › should cleanup test
 data efficiently

    read ECONNRESET

    [0m [90m 52 |[39m
     [90m 53 |[39m       [90m// 测试连接[39m
    [31m[1m>[22m[39m[90m 54 |[39m       [36mconst[39m client [33m=[39
m [36mawait[39m [36mthis[39m[33m.[39mtestPool[33m.[39mconnect()[33m;[
39m
     [90m    |[39m                      [31m[1m^[22m[39m
     [90m 55 |[39m       [36mawait[39m client[33m.[39mquery([32m'SELECT 
NOW()'[39m)[33m;[39m
     [90m 56 |[39m       client[33m.[39mrelease()[33m;[39m
     [90m 57 |[39m[0m

      at ../node_modules/.pnpm/pg-pool@3.10.1_pg@8.16.3/node_modules/pg-pool/in
dex.js:45:11
      at async DatabaseTestEnvironment.initialize (src/__tests__/utils/dbTestUt
ils.ts:54:22)
      at async Object.beforeAll (src/__tests__/utils/dbTestUtils.ts:431:5)
      at async Object.<anonymous> (src/__tests__/integration/simpleDbTest.test.
ts:11:5)


  ● Test suite failed to run

    read ECONNRESET

    [0m [90m 200 |[39m   [36masync[39m cleanupTestData()[33m:[39m [33mP
romise[39m[33m<[39m[36mvoid[39m[33m>[39m {
     [90m 201 |[39m     [36mconst[39m pool [33m=[39m [36mthis[39m[33m.
[39mgetTestPool()[33m;[39m
    [31m[1m>[22m[39m[90m 202 |[39m     [36mconst[39m client [33m=[39m
 [36mawait[39m pool[33m.[39mconnect()[33m;[39m
     [90m     |[39m                    [31m[1m^[22m[39m
     [90m 203 |[39m
     [90m 204 |[39m     [36mtry[39m {
     [90m 205 |[39m       [90m// 按依赖关系顺序清理数据[39m[0m

      at ../node_modules/.pnpm/pg-pool@3.10.1_pg@8.16.3/node_modules/pg-pool/in
dex.js:45:11
      at async DatabaseTestEnvironment.cleanupTestData (src/__tests__/utils/dbT
estUtils.ts:202:20)
      at async DatabaseTestEnvironment.close (src/__tests__/utils/dbTestUtils.t
s:254:7)
      at async Object.afterAll (src/__tests__/utils/dbTestUtils.ts:445:5)
      at async Object.<anonymous> (src/__tests__/integration/simpleDbTest.test.
ts:19:5)

FAIL src/__tests__/integration/databasePerformance.integration.test.ts
  ● Database Performance Benchmarking › Connection Performance › should establi
sh connections quickly

    read ECONNRESET

    [0m [90m 52 |[39m
     [90m 53 |[39m       [90m// 测试连接[39m
    [31m[1m>[22m[39m[90m 54 |[39m       [36mconst[39m client [33m=[39
m [36mawait[39m [36mthis[39m[33m.[39mtestPool[33m.[39mconnect()[33m;[
39m
     [90m    |[39m                      [31m[1m^[22m[39m
     [90m 55 |[39m       [36mawait[39m client[33m.[39mquery([32m'SELECT 
NOW()'[39m)[33m;[39m
     [90m 56 |[39m       client[33m.[39mrelease()[33m;[39m
     [90m 57 |[39m[0m

      at ../node_modules/.pnpm/pg-pool@3.10.1_pg@8.16.3/node_modules/pg-pool/in
dex.js:45:11
      at async DatabaseTestEnvironment.initialize (src/__tests__/utils/dbTestUt
ils.ts:54:22)
      at async Object.beforeAll (src/__tests__/utils/dbTestUtils.ts:431:5)
      at async Object.<anonymous> (src/__tests__/integration/databasePerformanc
e.integration.test.ts:38:5)

  ● Database Performance Benchmarking › Connection Performance › should handle 
connection pool exhaustion gracefully

    read ECONNRESET

    [0m [90m 52 |[39m
     [90m 53 |[39m       [90m// 测试连接[39m
    [31m[1m>[22m[39m[90m 54 |[39m       [36mconst[39m client [33m=[39
m [36mawait[39m [36mthis[39m[33m.[39mtestPool[33m.[39mconnect()[33m;[
39m
     [90m    |[39m                      [31m[1m^[22m[39m
     [90m 55 |[39m       [36mawait[39m client[33m.[39mquery([32m'SELECT 
NOW()'[39m)[33m;[39m
     [90m 56 |[39m       client[33m.[39mrelease()[33m;[39m
     [90m 57 |[39m[0m

      at ../node_modules/.pnpm/pg-pool@3.10.1_pg@8.16.3/node_modules/pg-pool/in
dex.js:45:11
      at async DatabaseTestEnvironment.initialize (src/__tests__/utils/dbTestUt
ils.ts:54:22)
      at async Object.beforeAll (src/__tests__/utils/dbTestUtils.ts:431:5)
      at async Object.<anonymous> (src/__tests__/integration/databasePerformanc
e.integration.test.ts:38:5)

  ● Database Performance Benchmarking › CRUD Operations Performance › should pe
rform inserts efficiently

    read ECONNRESET

    [0m [90m 52 |[39m
     [90m 53 |[39m       [90m// 测试连接[39m
    [31m[1m>[22m[39m[90m 54 |[39m       [36mconst[39m client [33m=[39
m [36mawait[39m [36mthis[39m[33m.[39mtestPool[33m.[39mconnect()[33m;[
39m
     [90m    |[39m                      [31m[1m^[22m[39m
     [90m 55 |[39m       [36mawait[39m client[33m.[39mquery([32m'SELECT 
NOW()'[39m)[33m;[39m
     [90m 56 |[39m       client[33m.[39mrelease()[33m;[39m
     [90m 57 |[39m[0m

      at ../node_modules/.pnpm/pg-pool@3.10.1_pg@8.16.3/node_modules/pg-pool/in
dex.js:45:11
      at async DatabaseTestEnvironment.initialize (src/__tests__/utils/dbTestUt
ils.ts:54:22)
      at async Object.beforeAll (src/__tests__/utils/dbTestUtils.ts:431:5)
      at async Object.<anonymous> (src/__tests__/integration/databasePerformanc
e.integration.test.ts:38:5)

  ● Database Performance Benchmarking › CRUD Operations Performance › should pe
rform bulk inserts efficiently

    read ECONNRESET

    [0m [90m 52 |[39m
     [90m 53 |[39m       [90m// 测试连接[39m
    [31m[1m>[22m[39m[90m 54 |[39m       [36mconst[39m client [33m=[39
m [36mawait[39m [36mthis[39m[33m.[39mtestPool[33m.[39mconnect()[33m;[
39m
     [90m    |[39m                      [31m[1m^[22m[39m
     [90m 55 |[39m       [36mawait[39m client[33m.[39mquery([32m'SELECT 
NOW()'[39m)[33m;[39m
     [90m 56 |[39m       client[33m.[39mrelease()[33m;[39m
     [90m 57 |[39m[0m

      at ../node_modules/.pnpm/pg-pool@3.10.1_pg@8.16.3/node_modules/pg-pool/in
dex.js:45:11
      at async DatabaseTestEnvironment.initialize (src/__tests__/utils/dbTestUt
ils.ts:54:22)
      at async Object.beforeAll (src/__tests__/utils/dbTestUtils.ts:431:5)
      at async Object.<anonymous> (src/__tests__/integration/databasePerformanc
e.integration.test.ts:38:5)

  ● Database Performance Benchmarking › CRUD Operations Performance › should pe
rform queries efficiently

    read ECONNRESET

    [0m [90m 52 |[39m
     [90m 53 |[39m       [90m// 测试连接[39m
    [31m[1m>[22m[39m[90m 54 |[39m       [36mconst[39m client [33m=[39
m [36mawait[39m [36mthis[39m[33m.[39mtestPool[33m.[39mconnect()[33m;[
39m
     [90m    |[39m                      [31m[1m^[22m[39m
     [90m 55 |[39m       [36mawait[39m client[33m.[39mquery([32m'SELECT 
NOW()'[39m)[33m;[39m
     [90m 56 |[39m       client[33m.[39mrelease()[33m;[39m
     [90m 57 |[39m[0m

      at ../node_modules/.pnpm/pg-pool@3.10.1_pg@8.16.3/node_modules/pg-pool/in
dex.js:45:11
      at async DatabaseTestEnvironment.initialize (src/__tests__/utils/dbTestUt
ils.ts:54:22)
      at async Object.beforeAll (src/__tests__/utils/dbTestUtils.ts:431:5)
      at async Object.<anonymous> (src/__tests__/integration/databasePerformanc
e.integration.test.ts:38:5)

  ● Database Performance Benchmarking › CRUD Operations Performance › should pe
rform updates efficiently

    read ECONNRESET

    [0m [90m 52 |[39m
     [90m 53 |[39m       [90m// 测试连接[39m
    [31m[1m>[22m[39m[90m 54 |[39m       [36mconst[39m client [33m=[39
m [36mawait[39m [36mthis[39m[33m.[39mtestPool[33m.[39mconnect()[33m;[
39m
     [90m    |[39m                      [31m[1m^[22m[39m
     [90m 55 |[39m       [36mawait[39m client[33m.[39mquery([32m'SELECT 
NOW()'[39m)[33m;[39m
     [90m 56 |[39m       client[33m.[39mrelease()[33m;[39m
     [90m 57 |[39m[0m

      at ../node_modules/.pnpm/pg-pool@3.10.1_pg@8.16.3/node_modules/pg-pool/in
dex.js:45:11
      at async DatabaseTestEnvironment.initialize (src/__tests__/utils/dbTestUt
ils.ts:54:22)
      at async Object.beforeAll (src/__tests__/utils/dbTestUtils.ts:431:5)
      at async Object.<anonymous> (src/__tests__/integration/databasePerformanc
e.integration.test.ts:38:5)

  ● Database Performance Benchmarking › Transaction Performance › should handle
 nested transactions efficiently

    read ECONNRESET

    [0m [90m 52 |[39m
     [90m 53 |[39m       [90m// 测试连接[39m
    [31m[1m>[22m[39m[90m 54 |[39m       [36mconst[39m client [33m=[39
m [36mawait[39m [36mthis[39m[33m.[39mtestPool[33m.[39mconnect()[33m;[
39m
     [90m    |[39m                      [31m[1m^[22m[39m
     [90m 55 |[39m       [36mawait[39m client[33m.[39mquery([32m'SELECT 
NOW()'[39m)[33m;[39m
     [90m 56 |[39m       client[33m.[39mrelease()[33m;[39m
     [90m 57 |[39m[0m

      at ../node_modules/.pnpm/pg-pool@3.10.1_pg@8.16.3/node_modules/pg-pool/in
dex.js:45:11
      at async DatabaseTestEnvironment.initialize (src/__tests__/utils/dbTestUt
ils.ts:54:22)
      at async Object.beforeAll (src/__tests__/utils/dbTestUtils.ts:431:5)
      at async Object.<anonymous> (src/__tests__/integration/databasePerformanc
e.integration.test.ts:38:5)

  ● Database Performance Benchmarking › Transaction Performance › should handle
 rollback efficiently

    read ECONNRESET

    [0m [90m 52 |[39m
     [90m 53 |[39m       [90m// 测试连接[39m
    [31m[1m>[22m[39m[90m 54 |[39m       [36mconst[39m client [33m=[39
m [36mawait[39m [36mthis[39m[33m.[39mtestPool[33m.[39mconnect()[33m;[
39m
     [90m    |[39m                      [31m[1m^[22m[39m
     [90m 55 |[39m       [36mawait[39m client[33m.[39mquery([32m'SELECT 
NOW()'[39m)[33m;[39m
     [90m 56 |[39m       client[33m.[39mrelease()[33m;[39m
     [90m 57 |[39m[0m

      at ../node_modules/.pnpm/pg-pool@3.10.1_pg@8.16.3/node_modules/pg-pool/in
dex.js:45:11
      at async DatabaseTestEnvironment.initialize (src/__tests__/utils/dbTestUt
ils.ts:54:22)
      at async Object.beforeAll (src/__tests__/utils/dbTestUtils.ts:431:5)
      at async Object.<anonymous> (src/__tests__/integration/databasePerformanc
e.integration.test.ts:38:5)

  ● Database Performance Benchmarking › JSON Performance › should handle JSONB 
operations efficiently

    read ECONNRESET

    [0m [90m 52 |[39m
     [90m 53 |[39m       [90m// 测试连接[39m
    [31m[1m>[22m[39m[90m 54 |[39m       [36mconst[39m client [33m=[39
m [36mawait[39m [36mthis[39m[33m.[39mtestPool[33m.[39mconnect()[33m;[
39m
     [90m    |[39m                      [31m[1m^[22m[39m
     [90m 55 |[39m       [36mawait[39m client[33m.[39mquery([32m'SELECT 
NOW()'[39m)[33m;[39m
     [90m 56 |[39m       client[33m.[39mrelease()[33m;[39m
     [90m 57 |[39m[0m

      at ../node_modules/.pnpm/pg-pool@3.10.1_pg@8.16.3/node_modules/pg-pool/in
dex.js:45:11
      at async DatabaseTestEnvironment.initialize (src/__tests__/utils/dbTestUt
ils.ts:54:22)
      at async Object.beforeAll (src/__tests__/utils/dbTestUtils.ts:431:5)
      at async Object.<anonymous> (src/__tests__/integration/databasePerformanc
e.integration.test.ts:38:5)


  ● Test suite failed to run

    read ECONNRESET

    [0m [90m 200 |[39m   [36masync[39m cleanupTestData()[33m:[39m [33mP
romise[39m[33m<[39m[36mvoid[39m[33m>[39m {
     [90m 201 |[39m     [36mconst[39m pool [33m=[39m [36mthis[39m[33m.
[39mgetTestPool()[33m;[39m
    [31m[1m>[22m[39m[90m 202 |[39m     [36mconst[39m client [33m=[39m
 [36mawait[39m pool[33m.[39mconnect()[33m;[39m
     [90m     |[39m                    [31m[1m^[22m[39m
     [90m 203 |[39m
     [90m 204 |[39m     [36mtry[39m {
     [90m 205 |[39m       [90m// 按依赖关系顺序清理数据[39m[0m

      at ../node_modules/.pnpm/pg-pool@3.10.1_pg@8.16.3/node_modules/pg-pool/in
dex.js:45:11
      at async DatabaseTestEnvironment.cleanupTestData (src/__tests__/utils/dbT
estUtils.ts:202:20)
      at async DatabaseTestEnvironment.close (src/__tests__/utils/dbTestUtils.t
s:254:7)
      at async Object.afterAll (src/__tests__/utils/dbTestUtils.ts:445:5)
      at async Object.<anonymous> (src/__tests__/integration/databasePerformanc
e.integration.test.ts:46:5)

FAIL src/__tests__/integration/databaseMigration.integration.test.ts
  ● Database Migration Integration Tests › Schema Initialization › should creat
e all required tables on initialization

    read ECONNRESET

    [0m [90m 52 |[39m
     [90m 53 |[39m       [90m// 测试连接[39m
    [31m[1m>[22m[39m[90m 54 |[39m       [36mconst[39m client [33m=[39
m [36mawait[39m [36mthis[39m[33m.[39mtestPool[33m.[39mconnect()[33m;[
39m
     [90m    |[39m                      [31m[1m^[22m[39m
     [90m 55 |[39m       [36mawait[39m client[33m.[39mquery([32m'SELECT 
NOW()'[39m)[33m;[39m
     [90m 56 |[39m       client[33m.[39mrelease()[33m;[39m
     [90m 57 |[39m[0m

      at ../node_modules/.pnpm/pg-pool@3.10.1_pg@8.16.3/node_modules/pg-pool/in
dex.js:45:11
      at async DatabaseTestEnvironment.initialize (src/__tests__/utils/dbTestUt
ils.ts:54:22)
      at async Object.beforeAll (src/__tests__/utils/dbTestUtils.ts:431:5)
      at async Object.<anonymous> (src/__tests__/integration/databaseMigration.
integration.test.ts:11:5)

  ● Database Migration Integration Tests › Schema Initialization › should creat
e all required indexes

    read ECONNRESET

    [0m [90m 52 |[39m
     [90m 53 |[39m       [90m// 测试连接[39m
    [31m[1m>[22m[39m[90m 54 |[39m       [36mconst[39m client [33m=[39
m [36mawait[39m [36mthis[39m[33m.[39mtestPool[33m.[39mconnect()[33m;[
39m
     [90m    |[39m                      [31m[1m^[22m[39m
     [90m 55 |[39m       [36mawait[39m client[33m.[39mquery([32m'SELECT 
NOW()'[39m)[33m;[39m
     [90m 56 |[39m       client[33m.[39mrelease()[33m;[39m
     [90m 57 |[39m[0m

      at ../node_modules/.pnpm/pg-pool@3.10.1_pg@8.16.3/node_modules/pg-pool/in
dex.js:45:11
      at async DatabaseTestEnvironment.initialize (src/__tests__/utils/dbTestUt
ils.ts:54:22)
      at async Object.beforeAll (src/__tests__/utils/dbTestUtils.ts:431:5)
      at async Object.<anonymous> (src/__tests__/integration/databaseMigration.
integration.test.ts:11:5)

  ● Database Migration Integration Tests › Schema Initialization › should have 
correct table schemas

    read ECONNRESET

    [0m [90m 52 |[39m
     [90m 53 |[39m       [90m// 测试连接[39m
    [31m[1m>[22m[39m[90m 54 |[39m       [36mconst[39m client [33m=[39
m [36mawait[39m [36mthis[39m[33m.[39mtestPool[33m.[39mconnect()[33m;[
39m
     [90m    |[39m                      [31m[1m^[22m[39m
     [90m 55 |[39m       [36mawait[39m client[33m.[39mquery([32m'SELECT 
NOW()'[39m)[33m;[39m
     [90m 56 |[39m       client[33m.[39mrelease()[33m;[39m
     [90m 57 |[39m[0m

      at ../node_modules/.pnpm/pg-pool@3.10.1_pg@8.16.3/node_modules/pg-pool/in
dex.js:45:11
      at async DatabaseTestEnvironment.initialize (src/__tests__/utils/dbTestUt
ils.ts:54:22)
      at async Object.beforeAll (src/__tests__/utils/dbTestUtils.ts:431:5)
      at async Object.<anonymous> (src/__tests__/integration/databaseMigration.
integration.test.ts:11:5)

  ● Database Migration Integration Tests › Data Types and Constraints › should 
enforce UUID primary keys

    read ECONNRESET

    [0m [90m 52 |[39m
     [90m 53 |[39m       [90m// 测试连接[39m
    [31m[1m>[22m[39m[90m 54 |[39m       [36mconst[39m client [33m=[39
m [36mawait[39m [36mthis[39m[33m.[39mtestPool[33m.[39mconnect()[33m;[
39m
     [90m    |[39m                      [31m[1m^[22m[39m
     [90m 55 |[39m       [36mawait[39m client[33m.[39mquery([32m'SELECT 
NOW()'[39m)[33m;[39m
     [90m 56 |[39m       client[33m.[39mrelease()[33m;[39m
     [90m 57 |[39m[0m

      at ../node_modules/.pnpm/pg-pool@3.10.1_pg@8.16.3/node_modules/pg-pool/in
dex.js:45:11
      at async DatabaseTestEnvironment.initialize (src/__tests__/utils/dbTestUt
ils.ts:54:22)
      at async Object.beforeAll (src/__tests__/utils/dbTestUtils.ts:431:5)
      at async Object.<anonymous> (src/__tests__/integration/databaseMigration.
integration.test.ts:11:5)

  ● Database Migration Integration Tests › Data Types and Constraints › should 
enforce foreign key constraints

    read ECONNRESET

    [0m [90m 52 |[39m
     [90m 53 |[39m       [90m// 测试连接[39m
    [31m[1m>[22m[39m[90m 54 |[39m       [36mconst[39m client [33m=[39
m [36mawait[39m [36mthis[39m[33m.[39mtestPool[33m.[39mconnect()[33m;[
39m
     [90m    |[39m                      [31m[1m^[22m[39m
     [90m 55 |[39m       [36mawait[39m client[33m.[39mquery([32m'SELECT 
NOW()'[39m)[33m;[39m
     [90m 56 |[39m       client[33m.[39mrelease()[33m;[39m
     [90m 57 |[39m[0m

      at ../node_modules/.pnpm/pg-pool@3.10.1_pg@8.16.3/node_modules/pg-pool/in
dex.js:45:11
      at async DatabaseTestEnvironment.initialize (src/__tests__/utils/dbTestUt
ils.ts:54:22)
      at async Object.beforeAll (src/__tests__/utils/dbTestUtils.ts:431:5)
      at async Object.<anonymous> (src/__tests__/integration/databaseMigration.
integration.test.ts:11:5)

  ● Database Migration Integration Tests › Data Types and Constraints › should 
handle JSONB data type correctly

    read ECONNRESET

    [0m [90m 52 |[39m
     [90m 53 |[39m       [90m// 测试连接[39m
    [31m[1m>[22m[39m[90m 54 |[39m       [36mconst[39m client [33m=[39
m [36mawait[39m [36mthis[39m[33m.[39mtestPool[33m.[39mconnect()[33m;[
39m
     [90m    |[39m                      [31m[1m^[22m[39m
     [90m 55 |[39m       [36mawait[39m client[33m.[39mquery([32m'SELECT 
NOW()'[39m)[33m;[39m
     [90m 56 |[39m       client[33m.[39mrelease()[33m;[39m
     [90m 57 |[39m[0m

      at ../node_modules/.pnpm/pg-pool@3.10.1_pg@8.16.3/node_modules/pg-pool/in
dex.js:45:11
      at async DatabaseTestEnvironment.initialize (src/__tests__/utils/dbTestUt
ils.ts:54:22)
      at async Object.beforeAll (src/__tests__/utils/dbTestUtils.ts:431:5)
      at async Object.<anonymous> (src/__tests__/integration/databaseMigration.
integration.test.ts:11:5)

  ● Database Migration Integration Tests › Data Types and Constraints › should 
handle timestamp columns correctly

    read ECONNRESET

    [0m [90m 52 |[39m
     [90m 53 |[39m       [90m// 测试连接[39m
    [31m[1m>[22m[39m[90m 54 |[39m       [36mconst[39m client [33m=[39
m [36mawait[39m [36mthis[39m[33m.[39mtestPool[33m.[39mconnect()[33m;[
39m
     [90m    |[39m                      [31m[1m^[22m[39m
     [90m 55 |[39m       [36mawait[39m client[33m.[39mquery([32m'SELECT 
NOW()'[39m)[33m;[39m
     [90m 56 |[39m       client[33m.[39mrelease()[33m;[39m
     [90m 57 |[39m[0m

      at ../node_modules/.pnpm/pg-pool@3.10.1_pg@8.16.3/node_modules/pg-pool/in
dex.js:45:11
      at async DatabaseTestEnvironment.initialize (src/__tests__/utils/dbTestUt
ils.ts:54:22)
      at async Object.beforeAll (src/__tests__/utils/dbTestUtils.ts:431:5)
      at async Object.<anonymous> (src/__tests__/integration/databaseMigration.
integration.test.ts:11:5)

  ● Database Migration Integration Tests › Performance and Indexing › should us
e indexes for email lookups

    read ECONNRESET

    [0m [90m 52 |[39m
     [90m 53 |[39m       [90m// 测试连接[39m
    [31m[1m>[22m[39m[90m 54 |[39m       [36mconst[39m client [33m=[39
m [36mawait[39m [36mthis[39m[33m.[39mtestPool[33m.[39mconnect()[33m;[
39m
     [90m    |[39m                      [31m[1m^[22m[39m
     [90m 55 |[39m       [36mawait[39m client[33m.[39mquery([32m'SELECT 
NOW()'[39m)[33m;[39m
     [90m 56 |[39m       client[33m.[39mrelease()[33m;[39m
     [90m 57 |[39m[0m

      at ../node_modules/.pnpm/pg-pool@3.10.1_pg@8.16.3/node_modules/pg-pool/in
dex.js:45:11
      at async DatabaseTestEnvironment.initialize (src/__tests__/utils/dbTestUt
ils.ts:54:22)
      at async Object.beforeAll (src/__tests__/utils/dbTestUtils.ts:431:5)
      at async Object.<anonymous> (src/__tests__/integration/databaseMigration.
integration.test.ts:11:5)

  ● Database Migration Integration Tests › Performance and Indexing › should ha
ndle large datasets efficiently

    read ECONNRESET

    [0m [90m 52 |[39m
     [90m 53 |[39m       [90m// 测试连接[39m
    [31m[1m>[22m[39m[90m 54 |[39m       [36mconst[39m client [33m=[39
m [36mawait[39m [36mthis[39m[33m.[39mtestPool[33m.[39mconnect()[33m;[
39m
     [90m    |[39m                      [31m[1m^[22m[39m
     [90m 55 |[39m       [36mawait[39m client[33m.[39mquery([32m'SELECT 
NOW()'[39m)[33m;[39m
     [90m 56 |[39m       client[33m.[39mrelease()[33m;[39m
     [90m 57 |[39m[0m

      at ../node_modules/.pnpm/pg-pool@3.10.1_pg@8.16.3/node_modules/pg-pool/in
dex.js:45:11
      at async DatabaseTestEnvironment.initialize (src/__tests__/utils/dbTestUt
ils.ts:54:22)
      at async Object.beforeAll (src/__tests__/utils/dbTestUtils.ts:431:5)
      at async Object.<anonymous> (src/__tests__/integration/databaseMigration.
integration.test.ts:11:5)

  ● Database Migration Integration Tests › Data Integrity and Validation › shou
ld maintain referential integrity on cascade deletes

    read ECONNRESET

    [0m [90m 52 |[39m
     [90m 53 |[39m       [90m// 测试连接[39m
    [31m[1m>[22m[39m[90m 54 |[39m       [36mconst[39m client [33m=[39
m [36mawait[39m [36mthis[39m[33m.[39mtestPool[33m.[39mconnect()[33m;[
39m
     [90m    |[39m                      [31m[1m^[22m[39m
     [90m 55 |[39m       [36mawait[39m client[33m.[39mquery([32m'SELECT 
NOW()'[39m)[33m;[39m
     [90m 56 |[39m       client[33m.[39mrelease()[33m;[39m
     [90m 57 |[39m[0m

      at ../node_modules/.pnpm/pg-pool@3.10.1_pg@8.16.3/node_modules/pg-pool/in
dex.js:45:11
      at async DatabaseTestEnvironment.initialize (src/__tests__/utils/dbTestUt
ils.ts:54:22)
      at async Object.beforeAll (src/__tests__/utils/dbTestUtils.ts:431:5)
      at async Object.<anonymous> (src/__tests__/integration/databaseMigration.
integration.test.ts:11:5)

  ● Database Migration Integration Tests › Data Integrity and Validation › shou
ld prevent circular references

    read ECONNRESET

    [0m [90m 52 |[39m
     [90m 53 |[39m       [90m// 测试连接[39m
    [31m[1m>[22m[39m[90m 54 |[39m       [36mconst[39m client [33m=[39
m [36mawait[39m [36mthis[39m[33m.[39mtestPool[33m.[39mconnect()[33m;[
39m
     [90m    |[39m                      [31m[1m^[22m[39m
     [90m 55 |[39m       [36mawait[39m client[33m.[39mquery([32m'SELECT 
NOW()'[39m)[33m;[39m
     [90m 56 |[39m       client[33m.[39mrelease()[33m;[39m
     [90m 57 |[39m[0m

      at ../node_modules/.pnpm/pg-pool@3.10.1_pg@8.16.3/node_modules/pg-pool/in
dex.js:45:11
      at async DatabaseTestEnvironment.initialize (src/__tests__/utils/dbTestUt
ils.ts:54:22)
      at async Object.beforeAll (src/__tests__/utils/dbTestUtils.ts:431:5)
      at async Object.<anonymous> (src/__tests__/integration/databaseMigration.
integration.test.ts:11:5)

  ● Database Migration Integration Tests › Schema Evolution › should handle add
ing new columns gracefully

    read ECONNRESET

    [0m [90m 52 |[39m
     [90m 53 |[39m       [90m// 测试连接[39m
    [31m[1m>[22m[39m[90m 54 |[39m       [36mconst[39m client [33m=[39
m [36mawait[39m [36mthis[39m[33m.[39mtestPool[33m.[39mconnect()[33m;[
39m
     [90m    |[39m                      [31m[1m^[22m[39m
     [90m 55 |[39m       [36mawait[39m client[33m.[39mquery([32m'SELECT 
NOW()'[39m)[33m;[39m
     [90m 56 |[39m       client[33m.[39mrelease()[33m;[39m
     [90m 57 |[39m[0m

      at ../node_modules/.pnpm/pg-pool@3.10.1_pg@8.16.3/node_modules/pg-pool/in
dex.js:45:11
      at async DatabaseTestEnvironment.initialize (src/__tests__/utils/dbTestUt
ils.ts:54:22)
      at async Object.beforeAll (src/__tests__/utils/dbTestUtils.ts:431:5)
      at async Object.<anonymous> (src/__tests__/integration/databaseMigration.
integration.test.ts:11:5)

  ● Database Migration Integration Tests › Schema Evolution › should maintain b
ackward compatibility

    read ECONNRESET

    [0m [90m 52 |[39m
     [90m 53 |[39m       [90m// 测试连接[39m
    [31m[1m>[22m[39m[90m 54 |[39m       [36mconst[39m client [33m=[39
m [36mawait[39m [36mthis[39m[33m.[39mtestPool[33m.[39mconnect()[33m;[
39m
     [90m    |[39m                      [31m[1m^[22m[39m
     [90m 55 |[39m       [36mawait[39m client[33m.[39mquery([32m'SELECT 
NOW()'[39m)[33m;[39m
     [90m 56 |[39m       client[33m.[39mrelease()[33m;[39m
     [90m 57 |[39m[0m

      at ../node_modules/.pnpm/pg-pool@3.10.1_pg@8.16.3/node_modules/pg-pool/in
dex.js:45:11
      at async DatabaseTestEnvironment.initialize (src/__tests__/utils/dbTestUt
ils.ts:54:22)
      at async Object.beforeAll (src/__tests__/utils/dbTestUtils.ts:431:5)
      at async Object.<anonymous> (src/__tests__/integration/databaseMigration.
integration.test.ts:11:5)


  ● Test suite failed to run

    read ECONNRESET

    [0m [90m 200 |[39m   [36masync[39m cleanupTestData()[33m:[39m [33mP
romise[39m[33m<[39m[36mvoid[39m[33m>[39m {
     [90m 201 |[39m     [36mconst[39m pool [33m=[39m [36mthis[39m[33m.
[39mgetTestPool()[33m;[39m
    [31m[1m>[22m[39m[90m 202 |[39m     [36mconst[39m client [33m=[39m
 [36mawait[39m pool[33m.[39mconnect()[33m;[39m
     [90m     |[39m                    [31m[1m^[22m[39m
     [90m 203 |[39m
     [90m 204 |[39m     [36mtry[39m {
     [90m 205 |[39m       [90m// 按依赖关系顺序清理数据[39m[0m

      at ../node_modules/.pnpm/pg-pool@3.10.1_pg@8.16.3/node_modules/pg-pool/in
dex.js:45:11
      at async DatabaseTestEnvironment.cleanupTestData (src/__tests__/utils/dbT
estUtils.ts:202:20)
      at async DatabaseTestEnvironment.close (src/__tests__/utils/dbTestUtils.t
s:254:7)
      at async Object.afterAll (src/__tests__/utils/dbTestUtils.ts:445:5)
      at async Object.<anonymous> (src/__tests__/integration/databaseMigration.
integration.test.ts:19:5)

FAIL src/__tests__/agents.test.ts
  ● Console

    console.warn
      [WARN] Redis server does not require a password, but a password was suppl
ied.

      at ../node_modules/.pnpm/ioredis@5.8.1/node_modules/ioredis/built/redis/e
vent_handler.js:24:33
      at tryCatcher (../node_modules/.pnpm/standard-as-callback@2.1.0/node_modu
les/standard-as-callback/built/utils.js:12:23)
      at ../node_modules/.pnpm/standard-as-callback@2.1.0/node_modules/standard
-as-callback/built/index.js:33:51

  ● T019: 智能体管理测试 › 1️⃣ 获取智能体列表 › 智能体列表项应该包含必要字段

    expect(received).toHaveProperty(path)

    Expected path: "avatar"
    Received path: []

    Received value: {"capabilities": ["cad-parsing", "cad-modification", "funct
ion-calling", "dxf-format"], "description": "基于阿里云通义千问的 CAD 图纸自然语言修改和解读助手，支持 DX
F 文件的查看、理解和智能修改", "id": "cad-editor-agent", "model": "qwen-max", "name": "CAD 编
辑智能体", "provider": "dashscope", "status": "active"}

    [0m [90m 54 |[39m       expect(agent)[33m.[39mtoHaveProperty([32m'pro
vider'[39m)[33m;[39m
     [90m 55 |[39m       expect(agent)[33m.[39mtoHaveProperty([32m'descrip
tion'[39m)[33m;[39m
    [31m[1m>[22m[39m[90m 56 |[39m       expect(agent)[33m.[39mtoHavePro
perty([32m'avatar'[39m)[33m;[39m
     [90m    |[39m                     [31m[1m^[22m[39m
     [90m 57 |[39m     })[33m;[39m
     [90m 58 |[39m
     [90m 59 |[39m     it([32m'应该支持分页参数'[39m[33m,[39m [36masync[39m () 
[33m=>[39m {[0m

      at Object.<anonymous> (src/__tests__/agents.test.ts:56:21)

  ● T019: 智能体管理测试 › 1️⃣ 获取智能体列表 › 应该支持按提供商筛选

    expect(received).toBe(expected) // Object.is equality

    Expected: true
    Received: false

    [0m [90m 81 |[39m           agent[33m.[39mprovider [33m===[39m [32m
'fastgpt'[39m [33m||[39m agent[33m.[39mprovider [33m===[39m [32m'FastGP
T'[39m
     [90m 82 |[39m         )[33m;[39m
    [31m[1m>[22m[39m[90m 83 |[39m         expect(allFastGPT)[33m.[39mto
Be([36mtrue[39m)[33m;[39m
     [90m    |[39m                            [31m[1m^[22m[39m
     [90m 84 |[39m       }
     [90m 85 |[39m     })[33m;[39m
     [90m 86 |[39m   })[33m;[39m[0m

      at Object.<anonymous> (src/__tests__/agents.test.ts:83:28)

  ● T019: 智能体管理测试 › 2️⃣ 获取智能体详情 › 智能体详情应该包含完整信息

    expect(received).toHaveProperty(path)

    Expected path: "avatar"
    Received path: []

    Received value: {"appId": null, "capabilities": ["cad-parsing", "cad-modifi
cation", "function-calling", "dxf-format"], "createdAt": "2025-10-04T00:00:00Z"
, "description": "基于阿里云通义千问的 CAD 图纸自然语言修改和解读助手，支持 DXF 文件的查看、理解和智能修改", "endpoint
": "https://dashscope.aliyuncs.com/compatible-mode/v1/chat/completions", "featu
res": {"streamingConfig": {"enabled": true, "endpoint": "same", "flowNodeStatus
": false, "statusEvents": false}, "supportsChatId": false, "supportsDetail": fa
lse, "supportsFiles": true, "supportsImages": false, "supportsStream": true}, "
id": "cad-editor-agent", "maxTokens": 8000, "model": "qwen-max", "name": "CAD 编
辑智能体", "provider": "dashscope", "rateLimit": {"requestsPerMinute": 60, "tokensP
erMinute": 100000}, "status": "active", "systemPrompt": "你是一个专业的 CAD 图纸助手，能够理解和
修改 DXF 格式的 CAD 文件。你可以帮助用户查看图纸信息、添加或修改几何实体、查询图层和实体属性等。当用户提出修改要求时，你会调用相应的工具函数来执行操
作。", "temperature": 0.7, "updatedAt": "2025-10-04T00:00:00Z"}

    [0m [90m 107 |[39m       expect(agent)[33m.[39mtoHaveProperty([32m'pr
ovider'[39m)[33m;[39m
     [90m 108 |[39m       expect(agent)[33m.[39mtoHaveProperty([32m'descri
ption'[39m)[33m;[39m
    [31m[1m>[22m[39m[90m 109 |[39m       expect(agent)[33m.[39mtoHavePr
operty([32m'avatar'[39m)[33m;[39m
     [90m     |[39m                     [31m[1m^[22m[39m
     [90m 110 |[39m       expect(agent)[33m.[39mtoHaveProperty([32m'config
'[39m)[33m;[39m
     [90m 111 |[39m       expect(agent)[33m.[39mtoHaveProperty([32m'featur
es'[39m)[33m;[39m
     [90m 112 |[39m     })[33m;[39m[0m

      at Object.<anonymous> (src/__tests__/agents.test.ts:109:21)

  ● T019: 智能体管理测试 › 3️⃣ 检查智能体状态 › 应该成功检查智能体在线状态

    expect(received).toHaveProperty(path)

    Expected path: "available"
    Received path: []

    Received value: {"agentId": "cad-editor-agent", "lastChecked": "2025-10-16T
14:22:31.378Z", "responseTime": 0, "status": "active"}

    [0m [90m 139 |[39m       expect(response[33m.[39mbody)[33m.[39mtoHav
eProperty([32m'data'[39m)[33m;[39m
     [90m 140 |[39m       expect(response[33m.[39mbody[33m.[39mdata)[33m
.[39mtoHaveProperty([32m'status'[39m)[33m;[39m
    [31m[1m>[22m[39m[90m 141 |[39m       expect(response[33m.[39mbody[
33m.[39mdata)[33m.[39mtoHaveProperty([32m'available'[39m)[33m;[39m
     [90m     |[39m                                  [31m[1m^[22m[39m
     [90m 142 |[39m     })[33m;[39m
     [90m 143 |[39m
     [90m 144 |[39m     it([32m'智能体状态应该包含健康信息'[39m[33m,[39m [36masync[3
9m () [33m=>[39m {[0m

      at Object.<anonymous> (src/__tests__/agents.test.ts:141:34)

  ● T019: 智能体管理测试 › 3️⃣ 检查智能体状态 › 智能体状态应该包含健康信息

    expect(received).toHaveProperty(path)

    Expected path: "available"
    Received path: []

    Received value: {"agentId": "cad-editor-agent", "lastChecked": "2025-10-16T
14:22:31.386Z", "responseTime": 0, "status": "active"}

    [0m [90m 149 |[39m       [36mconst[39m status [33m=[39m response[33
m.[39mbody[33m.[39mdata[33m;[39m
     [90m 150 |[39m       expect(status)[33m.[39mtoHaveProperty([32m'statu
s'[39m)[33m;[39m
    [31m[1m>[22m[39m[90m 151 |[39m       expect(status)[33m.[39mtoHaveP
roperty([32m'available'[39m)[33m;[39m
     [90m     |[39m                      [31m[1m^[22m[39m
     [90m 152 |[39m       
     [90m 153 |[39m       [90m// 状态应该是预期值之一[39m
     [90m 154 |[39m       expect([[32m'online'[39m[33m,[39m [32m'offline
'[39m[33m,[39m [32m'degraded'[39m[33m,[39m [32m'healthy'[39m[33m,[39
m [32m'unhealthy'[39m])[33m.[39mtoContain(status[33m.[39mstatus[33m.[39
mtoLowerCase())[33m;[39m[0m

      at Object.<anonymous> (src/__tests__/agents.test.ts:151:22)

  ● T019: 智能体管理测试 › 3️⃣ 检查智能体状态 › 应该正确处理不存在智能体的状态查询

    expected 404 "Not Found", got 200 "OK"

    [0m [90m 159 |[39m       [36mconst[39m response [33m=[39m [36mawait
[39m request(app)
     [90m 160 |[39m         [33m.[39m[36mget[39m([32m'/api/agents/nonexi
stent_agent/status'[39m)
    [31m[1m>[22m[39m[90m 161 |[39m         [33m.[39mexpect([35m404[39
m)[33m;[39m
     [90m     |[39m          [31m[1m^[22m[39m
     [90m 162 |[39m
     [90m 163 |[39m       expect(response[33m.[39mbody)[33m.[39mtoHavePro
perty([32m'code'[39m)[33m;[39m
     [90m 164 |[39m     })[33m;[39m[0m

      at Object.<anonymous> (src/__tests__/agents.test.ts:161:10)
      ----
      at Test._assertStatus (../node_modules/.pnpm/supertest@7.1.4/node_modules
/supertest/lib/test.js:309:14)
      at ../node_modules/.pnpm/supertest@7.1.4/node_modules/supertest/lib/test.
js:365:13
      at Test._assertFunction (../node_modules/.pnpm/supertest@7.1.4/node_modul
es/supertest/lib/test.js:342:13)
      at Test.assert (../node_modules/.pnpm/supertest@7.1.4/node_modules/supert
est/lib/test.js:195:23)
      at localAssert (../node_modules/.pnpm/supertest@7.1.4/node_modules/supert
est/lib/test.js:138:14)
      at Server.<anonymous> (../node_modules/.pnpm/supertest@7.1.4/node_modules
/supertest/lib/test.js:152:11)

  ● T019: 智能体管理测试 › 3️⃣ 检查智能体状态 › 应该包含响应时间信息

    expect(received).toBe(expected) // Object.is equality

    Expected: "number"
    Received: "undefined"

    [0m [90m 174 |[39m       [36mif[39m (status[33m.[39mlatency [33m!==
[39m undefined [33m||[39m status[33m.[39mresponseTime [33m!==[39m undefi
ned [33m||[39m status[33m.[39mping [33m!==[39m undefined) {
     [90m 175 |[39m         [36mconst[39m metric [33m=[39m status[33m.[
39mlatency [33m||[39m status[33m.[39mresponseTime [33m||[39m status[33m.
[39mping[33m;[39m
    [31m[1m>[22m[39m[90m 176 |[39m         expect([36mtypeof[39m metric
)[33m.[39mtoBe([32m'number'[39m)[33m;[39m
     [90m     |[39m                               [31m[1m^[22m[39m
     [90m 177 |[39m         expect(metric)[33m.[39mtoBeGreaterThanOrEqual(
[35m0[39m)[33m;[39m
     [90m 178 |[39m       }
     [90m 179 |[39m     })[33m;[39m[0m

      at Object.<anonymous> (src/__tests__/agents.test.ts:176:31)

  ● T019: 智能体管理测试 › 4️⃣ 配置重载功能 › 应该成功触发配置重载

    expect(received).toBeLessThan(expected)

    Expected: < 400
    Received:   500

    [0m [90m 189 |[39m         expect([[35m401[39m[33m,[39m [35m403[39
m])[33m.[39mtoContain(response[33m.[39mstatus)[33m;[39m
     [90m 190 |[39m       } [36melse[39m {
    [31m[1m>[22m[39m[90m 191 |[39m         expect(response[33m.[39mstat
us)[33m.[39mtoBeLessThan([35m400[39m)[33m;[39m
     [90m     |[39m                                 [31m[1m^[22m[39m
     [90m 192 |[39m         expect(response[33m.[39mbody)[33m.[39mtoHaveP
roperty([32m'code'[39m)[33m;[39m
     [90m 193 |[39m       }
     [90m 194 |[39m     })[33m;[39m[0m

      at Object.<anonymous> (src/__tests__/agents.test.ts:191:33)

  ● T019: 智能体管理测试 › 5️⃣ 智能体验证功能 › 应该支持验证智能体配置

    expect(received).toHaveProperty(path)

    Expected path: "valid"
    Received path: []

    Received value: {"agentId": "cad-editor-agent", "exists": true, "isActive":
 true, "isValid": false}

    [0m [90m 221 |[39m         expect(response[33m.[39mstatus)[33m.[39mt
oBeLessThan([35m400[39m)[33m;[39m
     [90m 222 |[39m         expect(response[33m.[39mbody)[33m.[39mtoHaveP
roperty([32m'data'[39m)[33m;[39m
    [31m[1m>[22m[39m[90m 223 |[39m         expect(response[33m.[39mbody
[33m.[39mdata)[33m.[39mtoHaveProperty([32m'valid'[39m)[33m;[39m
     [90m     |[39m                                    [31m[1m^[22m[39m
     [90m 224 |[39m       } [36melse[39m {
     [90m 225 |[39m         [90m// 端点不存在也是可以的[39m
     [90m 226 |[39m         expect(response[33m.[39mstatus)[33m.[39mtoBe(
[35m404[39m)[33m;[39m[0m

      at Object.<anonymous> (src/__tests__/agents.test.ts:223:36)

  ● T019: 智能体管理测试 › 5️⃣ 智能体验证功能 › 验证结果应该包含详细信息

    expect(received).toHaveProperty(path)

    Expected path: "valid"
    Received path: []

    Received value: {"agentId": "cad-editor-agent", "exists": true, "isActive":
 true, "isValid": false}

    [0m [90m 235 |[39m       [36mif[39m (response[33m.[39mstatus [33m==
=[39m [35m200[39m) {
     [90m 236 |[39m         [36mconst[39m validation [33m=[39m response[
33m.[39mbody[33m.[39mdata[33m;[39m
    [31m[1m>[22m[39m[90m 237 |[39m         expect(validation)[33m.[39mt
oHaveProperty([32m'valid'[39m)[33m;[39m
     [90m     |[39m                            [31m[1m^[22m[39m
     [90m 238 |[39m         expect([36mtypeof[39m validation[33m.[39mvali
d)[33m.[39mtoBe([32m'boolean'[39m)[33m;[39m
     [90m 239 |[39m         
     [90m 240 |[39m         [90m// 可能包含错误或警告信息[39m[0m

      at Object.<anonymous> (src/__tests__/agents.test.ts:237:28)

  ● T019: 智能体管理测试 › 6️⃣ 智能体能力查询 › 智能体配置应该包含必要的认证信息标志

    expect(received).toBeTruthy()

    Received: undefined

    [0m [90m 279 |[39m       
     [90m 280 |[39m       [90m// 配置应该存在[39m
    [31m[1m>[22m[39m[90m 281 |[39m       expect(agent[33m.[39mconfig)[
33m.[39mtoBeTruthy()[33m;[39m
     [90m     |[39m                            [31m[1m^[22m[39m
     [90m 282 |[39m       
     [90m 283 |[39m       [90m// 敏感信息不应该暴露完整内容[39m
     [90m 284 |[39m       [36mconst[39m config [33m=[39m agent[33m.[39m
config[33m;[39m[0m

      at Object.<anonymous> (src/__tests__/agents.test.ts:281:28)

FAIL src/__tests__/chat.test.ts
  ● Console

    console.warn
      [WARN] Redis server does not require a password, but a password was suppl
ied.

      at ../node_modules/.pnpm/ioredis@5.8.1/node_modules/ioredis/built/redis/e
vent_handler.js:24:33
      at tryCatcher (../node_modules/.pnpm/standard-as-callback@2.1.0/node_modu
les/standard-as-callback/built/utils.js:12:23)
      at ../node_modules/.pnpm/standard-as-callback@2.1.0/node_modules/standard
-as-callback/built/index.js:33:51

    console.warn
      [WARN] Redis server does not require a password, but a password was suppl
ied.

      at ../node_modules/.pnpm/ioredis@5.8.1/node_modules/ioredis/built/redis/e
vent_handler.js:24:33
      at tryCatcher (../node_modules/.pnpm/standard-as-callback@2.1.0/node_modu
les/standard-as-callback/built/utils.js:12:23)
      at ../node_modules/.pnpm/standard-as-callback@2.1.0/node_modules/standard
-as-callback/built/index.js:33:51

    console.warn
      [WARN] Redis server does not require a password, but a password was suppl
ied.

      at ../node_modules/.pnpm/ioredis@5.8.1/node_modules/ioredis/built/redis/e
vent_handler.js:24:33
      at tryCatcher (../node_modules/.pnpm/standard-as-callback@2.1.0/node_modu
les/standard-as-callback/built/utils.js:12:23)
      at ../node_modules/.pnpm/standard-as-callback@2.1.0/node_modules/standard
-as-callback/built/index.js:33:51

    console.warn
      Failed to authenticate test user: {
        code: 'INVALID_CREDENTIALS',
        message: '用户名或密码错误',
        category: 'authentication',
        severity: 'medium',
        timestamp: '2025-10-16T14:22:34.201Z'
      }

    [0m [90m 63 |[39m       } [36melse[39m {
     [90m 64 |[39m         [90m// 登录失败，测试无法继续[39m
    [31m[1m>[22m[39m[90m 65 |[39m         console[33m.[39mwarn([32m'Fa
iled to authenticate test user:'[39m[33m,[39m loginResponse[33m.[39mbody)
[33m;[39m
     [90m    |[39m                 [31m[1m^[22m[39m
     [90m 66 |[39m       }
     [90m 67 |[39m     }
     [90m 68 |[39m   })[33m;[39m[0m

      at Object.<anonymous> (src/__tests__/chat.test.ts:65:17)

  ● T020: 聊天服务测试 › 1️⃣ 非流式聊天请求 › 应该成功发送非流式聊天消息

    expect(received).toBeLessThan(expected)

    Expected: < 400
    Received:   400

    [0m [90m 91 |[39m         expect(response[33m.[39mstatus)[33m.[39mto
BeGreaterThanOrEqual([35m500[39m)[33m;[39m
     [90m 92 |[39m       } [36melse[39m {
    [31m[1m>[22m[39m[90m 93 |[39m         expect(response[33m.[39mstatu
s)[33m.[39mtoBeLessThan([35m400[39m)[33m;[39m
     [90m    |[39m                                 [31m[1m^[22m[39m
     [90m 94 |[39m         expect(response[33m.[39mbody)[33m.[39mtoHavePr
operty([32m'code'[39m)[33m;[39m
     [90m 95 |[39m         expect(response[33m.[39mbody)[33m.[39mtoHavePr
operty([32m'data'[39m)[33m;[39m
     [90m 96 |[39m         [0m

      at Object.<anonymous> (src/__tests__/chat.test.ts:93:33)

  ● T020: 聊天服务测试 › 2️⃣ 流式聊天（SSE） › 应该支持流式聊天响应

    expect(received).toContain(expected) // indexOf

    Expected value: 400
    Received array: [401, 403, 404, 500]

    [0m [90m 185 |[39m       } [36melse[39m {
     [90m 186 |[39m         [90m// 如果不支持或需要认证[39m
    [31m[1m>[22m[39m[90m 187 |[39m         expect([[35m401[39m[33m,[3
9m [35m403[39m[33m,[39m [35m404[39m[33m,[39m [35m500[39m])[33m.[39m
toContain(response[33m.[39mstatus)[33m;[39m
     [90m     |[39m                                      [31m[1m^[22m[39m
     [90m 188 |[39m       }
     [90m 189 |[39m     }[33m,[39m [35m35000[39m)[33m;[39m
     [90m 190 |[39m[0m

      at Object.<anonymous> (src/__tests__/chat.test.ts:187:38)

  ● T020: 聊天服务测试 › 3️⃣ 会话管理 › 应该成功创建新会话

    expect(received).toBeLessThan(expected)

    Expected: < 500
    Received:   500

    [0m [90m 241 |[39m       } [36melse[39m {
     [90m 242 |[39m         [90m// 其他情况[39m
    [31m[1m>[22m[39m[90m 243 |[39m         expect(response[33m.[39mstat
us)[33m.[39mtoBeLessThan([35m500[39m)[33m;[39m
     [90m     |[39m                                 [31m[1m^[22m[39m
     [90m 244 |[39m       }
     [90m 245 |[39m     })[33m;[39m
     [90m 246 |[39m[0m

      at Object.<anonymous> (src/__tests__/chat.test.ts:243:33)

  ● T020: 聊天服务测试 › 3️⃣ 会话管理 › 应该获取用户的会话列表

    expect(received).toContain(expected) // indexOf

    Expected value: 500
    Received array: [401, 403, 404]

    [0m [90m 254 |[39m         expect([33mArray[39m[33m.[39misArray(resp
onse[33m.[39mbody[33m.[39mdata) [33m||[39m [33mArray[39m[33m.[39misAr
ray(response[33m.[39mbody[33m.[39mdata[33m.[39msessions))[33m.[39mtoBe(
[36mtrue[39m)[33m;[39m
     [90m 255 |[39m       } [36melse[39m {
    [31m[1m>[22m[39m[90m 256 |[39m         expect([[35m401[39m[33m,[3
9m [35m403[39m[33m,[39m [35m404[39m])[33m.[39mtoContain(response[33m.
[39mstatus)[33m;[39m
     [90m     |[39m                                 [31m[1m^[22m[39m
     [90m 257 |[39m       }
     [90m 258 |[39m     })[33m;[39m
     [90m 259 |[39m[0m

      at Object.<anonymous> (src/__tests__/chat.test.ts:256:33)

  ● T020: 聊天服务测试 › 3️⃣ 会话管理 › 应该支持会话搜索

    expect(received).toBeLessThan(expected)

    Expected: < 400
    Received:   500

    [0m [90m 306 |[39m       [90m// 如果端点存在[39m
     [90m 307 |[39m       [36mif[39m (response[33m.[39mstatus [33m!==[3
9m [35m404[39m) {
    [31m[1m>[22m[39m[90m 308 |[39m         expect(response[33m.[39mstat
us)[33m.[39mtoBeLessThan([35m400[39m)[33m;[39m
     [90m     |[39m                                 [31m[1m^[22m[39m
     [90m 309 |[39m         expect(response[33m.[39mbody)[33m.[39mtoHaveP
roperty([32m'data'[39m)[33m;[39m
     [90m 310 |[39m       }
     [90m 311 |[39m     })[33m;[39m[0m

      at Object.<anonymous> (src/__tests__/chat.test.ts:308:33)

  ● T020: 聊天服务测试 › 5️⃣ 并发聊天处理 › 应该能够处理并发聊天请求

    expect(received).toBeGreaterThan(expected)

    Expected: > 0
    Received:   0

    [0m [90m 403 |[39m       )[33m;[39m
     [90m 404 |[39m
    [31m[1m>[22m[39m[90m 405 |[39m       expect(validStatuses[33m.[39ml
ength)[33m.[39mtoBeGreaterThan([35m0[39m)[33m;[39m
     [90m     |[39m                                    [31m[1m^[22m[39m
     [90m 406 |[39m     }[33m,[39m [35m35000[39m)[33m;[39m
     [90m 407 |[39m
     [90m 408 |[39m     it([32m'应该正确隔离不同会话的消息'[39m[33m,[39m [36masync[3
9m () [33m=>[39m {[0m

      at Object.<anonymous> (src/__tests__/chat.test.ts:405:36)

  ● T020: 聊天服务测试 › 6️⃣ 错误处理和边界情况 › 应该正确处理无效的会话ID

    expect(received).toContain(expected) // indexOf

    Expected value: 401
    Received array: [404, 400]

    [0m [90m 485 |[39m         [33m.[39m[36mset[39m([32m'Authorization'
[39m[33m,[39m [32m`Bearer ${authToken}`[39m)[33m;[39m
     [90m 486 |[39m
    [31m[1m>[22m[39m[90m 487 |[39m       expect([[35m404[39m[33m,[39m
 [35m400[39m])[33m.[39mtoContain(response[33m.[39mstatus)[33m;[39m
     [90m     |[39m                          [31m[1m^[22m[39m
     [90m 488 |[39m     })[33m;[39m
     [90m 489 |[39m
     [90m 490 |[39m     it([32m'应该正确处理缺少必填参数'[39m[33m,[39m [36masync[39
m () [33m=>[39m {[0m

      at Object.<anonymous> (src/__tests__/chat.test.ts:487:26)

FAIL src/__tests__/integration/performance.benchmark.test.ts
  ● Performance Benchmark Tests - Fixed › API Response Time Benchmarks › should
 respond to health check within 50ms

    TypeError: Cannot read properties of null (reading 'totalCount')

    [0m [90m 202 |[39m   logger[33m.[39minfo([32m`[initDB] 连接到目标数据库 "${pg
.database}"...`[39m)[33m;[39m
     [90m 203 |[39m   pool [33m=[39m [36mnew[39m [33mPool[39m({
    [31m[1m>[22m[39m[90m 204 |[39m     host[33m:[39m pg[33m.[39mhost
[33m,[39m
     [90m     |[39m                         [31m[1m^[22m[39m
     [90m 205 |[39m     port[33m:[39m pg[33m.[39mport [33m?[39m[33m?[
39m [35m5432[39m[33m,[39m
     [90m 206 |[39m     user[33m:[39m pg[33m.[39muser[33m,[39m
     [90m 207 |[39m     password[33m:[39m pg[33m.[39mpassword[33m,[39m
[0m

      at BoundPool.<anonymous> (src/utils/db.ts:204:25)
      at Connection.<anonymous> (../node_modules/.pnpm/pg-pool@3.10.1_pg@8.16.3
/node_modules/pg-pool/index.js:174:15)
      at Socket.<anonymous> (../node_modules/.pnpm/pg@8.16.3/node_modules/pg/li
b/connection.js:62:12)

  ● Performance Benchmark Tests - Fixed › Memory Performance › should maintain 
stable memory usage during 50 operations

    expect(received).toBeLessThan(expected)

    Expected: < 10
    Received:   13.034248352050781

    [0m [90m 118 |[39m
     [90m 119 |[39m       [90m// 内存增长应该小于10MB[39m
    [31m[1m>[22m[39m[90m 120 |[39m       expect(memoryIncrease)[33m.[39
mtoBeLessThan([35m10[39m)[33m;[39m
     [90m     |[39m                              [31m[1m^[22m[39m
     [90m 121 |[39m
     [90m 122 |[39m       console[33m.[39mlog([32m`Memory usage increase: 
${memoryIncrease.toFixed(2)}MB`[39m)[33m;[39m
     [90m 123 |[39m     })[33m;[39m[0m

      at Object.<anonymous> (src/__tests__/integration/performance.benchmark.te
st.ts:120:30)

FAIL src/__tests__/integration/PerformanceOptimization.test.ts (6.008 s)
  ● Console

    console.warn
      [WARN] Redis server does not require a password, but a password was suppl
ied.

      at ../node_modules/.pnpm/ioredis@5.8.1/node_modules/ioredis/built/redis/e
vent_handler.js:24:33
      at tryCatcher (../node_modules/.pnpm/standard-as-callback@2.1.0/node_modu
les/standard-as-callback/built/utils.js:12:23)
      at ../node_modules/.pnpm/standard-as-callback@2.1.0/node_modules/standard
-as-callback/built/index.js:33:51

    console.warn
      [WARN] Redis server does not require a password, but a password was suppl
ied.

      at ../node_modules/.pnpm/ioredis@5.8.1/node_modules/ioredis/built/redis/e
vent_handler.js:24:33
      at tryCatcher (../node_modules/.pnpm/standard-as-callback@2.1.0/node_modu
les/standard-as-callback/built/utils.js:12:23)
      at ../node_modules/.pnpm/standard-as-callback@2.1.0/node_modules/standard
-as-callback/built/index.js:33:51

    console.warn
      [WARN] Redis server does not require a password, but a password was suppl
ied.

      at ../node_modules/.pnpm/ioredis@5.8.1/node_modules/ioredis/built/redis/e
vent_handler.js:24:33
      at tryCatcher (../node_modules/.pnpm/standard-as-callback@2.1.0/node_modu
les/standard-as-callback/built/utils.js:12:23)
      at ../node_modules/.pnpm/standard-as-callback@2.1.0/node_modules/standard
-as-callback/built/index.js:33:51

  ● Performance Optimization Integration Tests › Response Optimization › should
 set performance headers

    expect(received).toHaveProperty(path)

    Expected path: "x-response-time"
    Received path: []

    Received value: {"access-control-allow-credentials": "true", "access-contro
l-allow-origin": "http://localhost:3000", "connection": "close", "content-lengt
h": "493", "content-type": "application/json; charset=utf-8", "cross-origin-ope
ner-policy": "same-origin", "cross-origin-resource-policy": "same-origin", "dat
e": "Thu, 16 Oct 2025 14:22:41 GMT", "etag": "W/\"1ed-bzAiSVjkxs4Xpp4AjAm27WWqM
hk\"", "origin-agent-cluster": "?1", "ratelimit-limit": "1000", "ratelimit-poli
cy": "1000;w=60", "ratelimit-remaining": "999", "ratelimit-reset": "60", "refer
rer-policy": "strict-origin-when-cross-origin", "set-cookie": ["XSRF-TOKEN=7d69
af2b17b284086e2ddcd0a57c117ea9e7a751b4a08b9740d647c910366c90; Max-Age=86400; Pa
th=/; Expires=Fri, 17 Oct 2025 14:22:41 GMT; SameSite=Strict"], "vary": "Origin
, Accept-Encoding", "x-content-type-options": "nosniff", "x-dns-prefetch-contro
l": "off", "x-download-options": "noopen", "x-frame-options": "SAMEORIGIN", "x-
permitted-cross-domain-policies": "none", "x-xss-protection": "0"}

    [0m [90m 37 |[39m
     [90m 38 |[39m       [90m// 检查性能头是否存在[39m
    [31m[1m>[22m[39m[90m 39 |[39m       expect(response[33m.[39mheaders
)[33m.[39mtoHaveProperty([32m'x-response-time'[39m)[33m;[39m
     [90m    |[39m                                [31m[1m^[22m[39m
     [90m 40 |[39m       expect(response[33m.[39mheaders)[33m.[39mtoHaveP
roperty([32m'x-server-timestamp'[39m)[33m;[39m
     [90m 41 |[39m     })[33m;[39m
     [90m 42 |[39m[0m

      at Object.<anonymous> (src/__tests__/integration/PerformanceOptimization.
test.ts:39:32)


ReferenceError: You are trying to `import` a file after the Jest environment ha
s been torn down. From src/__tests__/integration/PerformanceOptimization.test.t
s.

    [0m [90m 345 |[39m [90m// 使用已初始化的QueueManager初始化可视化系统[39m
     [90m 346 |[39m [36masync[39m [36mfunction[39m initializeVisualizatio
nSystemWithQueueManager(queueManager[33m:[39m [33mQueueManager[39m)[33m:[
39m [33mPromise[39m[33m<[39m[36mvoid[39m[33m>[39m {
    [31m[1m>[22m[39m[90m 347 |[39m   [36mtry[39m {
     [90m     |[39m                  [31m[1m^[22m[39m
     [90m 348 |[39m     [90m// 检查环境变量是否启用可视化[39m
     [90m 349 |[39m     [36mconst[39m visualizationEnabled [33m=[39m proc
ess[33m.[39menv[33m.[39m[33mVISUALIZATION_ENABLED[39m [33m!==[39m [32m
'false'[39m[33m;[39m
     [90m 350 |[39m[0m

      at src/index.ts:347:100
      at async startServer (src/index.ts:347:52)
  ●  process.exit called with "1"

    [0m [90m 421 |[39m
     [90m 422 |[39m     [90m// 获取QueueManager实例（传递配置）[39m
    [31m[1m>[22m[39m[90m 423 |[39m     [36mlet[39m queueManager[33m:[
39m [33mQueueManager[39m [33m|[39m [36mnull[39m [33m=[39m [36mnull[39
m[33m;[39m
     [90m     |[39m                 [31m[1m^[22m[39m
     [90m 424 |[39m     [36mtry[39m {
     [90m 425 |[39m       [36mconst[39m queueManagerConfig[33m:[39m [33m
QueueManagerConfig[39m [33m=[39m {
     [90m 426 |[39m         redis[33m:[39m {[0m

      at startServer (src/index.ts:423:17)
 ELIFECYCLE  Test failed. See above for more details.
